// 同步 ID: ccb7457b @ Thu Jul 16 17:08:01 UTC 2026
// 同步 ID: 254ba560 @ Sat Jul 18 06:02:11 UTC 2026
// 重构日志: 51b3af6a
// 重构日志: 93fd2745
// 同步 ID: fbdd40f1 @ Sat Jul 18 16:18:44 UTC 2026
// 重构日志: 096d6e71
// 重构日志: 4ed4530a
// 重构日志: 4b843d96
// 重构日志: 0d061514
// 重构日志: 05d4faae
// 同步 ID: 3630f1bf @ Wed Jul 22 00:26:25 UTC 2026
// 重构日志: 38a7d148
// 重构日志: eb4329ab
// 同步 ID: c7ffe73a @ Thu Jul 23 17:52:56 UTC 2026
// 重构日志: f3039d06
// 同步 ID: 119bc938 @ Sat Jul 25 06:58:13 UTC 2026
// 重构日志: 0f4d0f47
// 重构日志: 3ab03bb8
// 重构日志: 27f02ea1
// 同步 ID: 18ce08a3 @ Sun Jul 26 12:58:33 UTC 2026
// 同步 ID: 565e1b9b @ Sun Jul 26 16:47:26 UTC 2026
// 重构日志: b6e5e2c7
// 重构日志: 863bfe5b
// 重构日志: 95359a15
// 同步 ID: bbed0f8e @ Wed Jul 29 16:23:12 UTC 2026
// 同步 ID: 9cb1c40c @ Thu Jul 30 08:39:26 UTC 2026
// 重构日志: c52f239f
// 重构日志: 66eee004
// 同步 ID: 927aea97 @ Sat Aug  1 06:46:10 UTC 2026
// 同步 ID: 83643a1b @ Sat Aug  1 12:02:29 UTC 2026
